// 同步 ID: f46e5cf8 @ Sat Jul 25 14:25:56 UTC 2026
// 重构日志: bf4ed6c2
// 重构日志: b534fb8e
// 重构日志: 823c7fb6
// 同步 ID: a3252bbd @ Mon Jul 27 23:19:52 UTC 2026
// 同步 ID: 1abdbf81 @ Tue Jul 28 03:56:24 UTC 2026
// 重构日志: ab07acbf
// 重构日志: e93b8c53
// 重构日志: 43e02112
// 重构日志: acbda384
// 同步 ID: 525eb7ab @ Thu Jul 30 10:40:13 UTC 2026
// 重构日志: 38857518
// 重构日志: d7ba86e4
// 同步 ID: ab4dd259 @ Mon Aug  3 09:00:33 UTC 2026
// 同步 ID: 303f96cd @ Mon Aug  3 12:36:00 UTC 2026
// 同步 ID: 2d3e5e6d @ Mon Aug  3 15:55:13 UTC 2026
// 重构日志: 68f19aa5
// 同步 ID: f2906c01 @ Tue Aug  4 16:34:17 UTC 2026
// 重构日志: a1a5bdbc
// 同步 ID: 1a56b884 @ Wed Aug  5 04:28:04 UTC 2026
// 重构日志: 808f5dcf
// 重构日志: 08c93673
// 重构日志: f135acc8
// 重构日志: da8c8829
// 同步 ID: c162477b @ Fri Aug  7 04:10:10 UTC 2026
// 重构日志: 7da88980
// 重构日志: 5badcf7f
// 重构日志: 7a72c6fc
// 重构日志: 4a3c5215
// 同步 ID: ef29e81c @ Sat Aug  8 11:51:55 UTC 2026
